/home/sweiss/Pictures/Clouds/Anvil_shaped_cumulus_panorama_edit_crop.jpg
/home/sweiss/Pictures/Convection/KuehlTuerme.jpg
/home/sweiss/Pictures/Persons/Nobach.jpg
/home/sweiss/Pictures/Persons/Prasanth_800x600.jpg
/home/sweiss/Pictures/VDTT/TunnelInside.jpg
